// Jest Snapshot v1, https://goo.gl/fbAQLP

exports[`<Search/> renders the search bar and go button 1`] = `
<DocumentFragment>
  <div
    class="searchBar"
  >
    <label
      for="ghUser"
    >
      Search
    </label>
    <input
      id="ghUser"
      name="ghUser"
      type="text"
    />
    <button>
      Go!
    </button>
  </div>
</DocumentFragment>
`;
